Archive member included to satisfy reference by file (symbol)

c:/st/stm32cubeide_1.11.2/stm32cubeide/plugins/com.st.stm32cube.ide.mcu.externaltools.gnu-tools-for-stm32.10.3-2021.10.win32_1.0.100.202210260954/tools/bin/../lib/gcc/arm-none-eabi/10.3.1/../../../../arm-none-eabi/lib/thumb/v7e-m+fp/hard\libc_nano.a(lib_a-errno.o)
                              ./Core/Src/syscalls.o (__errno)
c:/st/stm32cubeide_1.11.2/stm32cubeide/plugins/com.st.stm32cube.ide.mcu.externaltools.gnu-tools-for-stm32.10.3-2021.10.win32_1.0.100.202210260954/tools/bin/../lib/gcc/arm-none-eabi/10.3.1/../../../../arm-none-eabi/lib/thumb/v7e-m+fp/hard\libc_nano.a(lib_a-exit.o)
                              c:/st/stm32cubeide_1.11.2/stm32cubeide/plugins/com.st.stm32cube.ide.mcu.externaltools.gnu-tools-for-stm32.10.3-2021.10.win32_1.0.100.202210260954/tools/bin/../lib/gcc/arm-none-eabi/10.3.1/../../../../arm-none-eabi/lib/thumb/v7e-m+fp/hard/crt0.o (exit)
c:/st/stm32cubeide_1.11.2/stm32cubeide/plugins/com.st.stm32cube.ide.mcu.externaltools.gnu-tools-for-stm32.10.3-2021.10.win32_1.0.100.202210260954/tools/bin/../lib/gcc/arm-none-eabi/10.3.1/../../../../arm-none-eabi/lib/thumb/v7e-m+fp/hard\libc_nano.a(lib_a-impure.o)
                              c:/st/stm32cubeide_1.11.2/stm32cubeide/plugins/com.st.stm32cube.ide.mcu.externaltools.gnu-tools-for-stm32.10.3-2021.10.win32_1.0.100.202210260954/tools/bin/../lib/gcc/arm-none-eabi/10.3.1/../../../../arm-none-eabi/lib/thumb/v7e-m+fp/hard\libc_nano.a(lib_a-exit.o) (_global_impure_ptr)
c:/st/stm32cubeide_1.11.2/stm32cubeide/plugins/com.st.stm32cube.ide.mcu.externaltools.gnu-tools-for-stm32.10.3-2021.10.win32_1.0.100.202210260954/tools/bin/../lib/gcc/arm-none-eabi/10.3.1/../../../../arm-none-eabi/lib/thumb/v7e-m+fp/hard\libc_nano.a(lib_a-init.o)
                              c:/st/stm32cubeide_1.11.2/stm32cubeide/plugins/com.st.stm32cube.ide.mcu.externaltools.gnu-tools-for-stm32.10.3-2021.10.win32_1.0.100.202210260954/tools/bin/../lib/gcc/arm-none-eabi/10.3.1/../../../../arm-none-eabi/lib/thumb/v7e-m+fp/hard/crt0.o (__libc_init_array)
c:/st/stm32cubeide_1.11.2/stm32cubeide/plugins/com.st.stm32cube.ide.mcu.externaltools.gnu-tools-for-stm32.10.3-2021.10.win32_1.0.100.202210260954/tools/bin/../lib/gcc/arm-none-eabi/10.3.1/../../../../arm-none-eabi/lib/thumb/v7e-m+fp/hard\libc_nano.a(lib_a-itoa.o)
                              ./Core/Src/main.o (itoa)
c:/st/stm32cubeide_1.11.2/stm32cubeide/plugins/com.st.stm32cube.ide.mcu.externaltools.gnu-tools-for-stm32.10.3-2021.10.win32_1.0.100.202210260954/tools/bin/../lib/gcc/arm-none-eabi/10.3.1/../../../../arm-none-eabi/lib/thumb/v7e-m+fp/hard\libc_nano.a(lib_a-memset.o)
                              c:/st/stm32cubeide_1.11.2/stm32cubeide/plugins/com.st.stm32cube.ide.mcu.externaltools.gnu-tools-for-stm32.10.3-2021.10.win32_1.0.100.202210260954/tools/bin/../lib/gcc/arm-none-eabi/10.3.1/../../../../arm-none-eabi/lib/thumb/v7e-m+fp/hard/crt0.o (memset)
c:/st/stm32cubeide_1.11.2/stm32cubeide/plugins/com.st.stm32cube.ide.mcu.externaltools.gnu-tools-for-stm32.10.3-2021.10.win32_1.0.100.202210260954/tools/bin/../lib/gcc/arm-none-eabi/10.3.1/../../../../arm-none-eabi/lib/thumb/v7e-m+fp/hard\libc_nano.a(lib_a-utoa.o)
                              c:/st/stm32cubeide_1.11.2/stm32cubeide/plugins/com.st.stm32cube.ide.mcu.externaltools.gnu-tools-for-stm32.10.3-2021.10.win32_1.0.100.202210260954/tools/bin/../lib/gcc/arm-none-eabi/10.3.1/../../../../arm-none-eabi/lib/thumb/v7e-m+fp/hard\libc_nano.a(lib_a-itoa.o) (__utoa)
c:/st/stm32cubeide_1.11.2/stm32cubeide/plugins/com.st.stm32cube.ide.mcu.externaltools.gnu-tools-for-stm32.10.3-2021.10.win32_1.0.100.202210260954/tools/bin/../lib/gcc/arm-none-eabi/10.3.1/thumb/v7e-m+fp/hard\libgcc.a(_aeabi_uldivmod.o)
                              ./Drivers/STM32F4xx_HAL_Driver/Src/stm32f4xx_hal_rcc.o (__aeabi_uldivmod)
c:/st/stm32cubeide_1.11.2/stm32cubeide/plugins/com.st.stm32cube.ide.mcu.externaltools.gnu-tools-for-stm32.10.3-2021.10.win32_1.0.100.202210260954/tools/bin/../lib/gcc/arm-none-eabi/10.3.1/thumb/v7e-m+fp/hard\libgcc.a(_udivmoddi4.o)
                              c:/st/stm32cubeide_1.11.2/stm32cubeide/plugins/com.st.stm32cube.ide.mcu.externaltools.gnu-tools-for-stm32.10.3-2021.10.win32_1.0.100.202210260954/tools/bin/../lib/gcc/arm-none-eabi/10.3.1/thumb/v7e-m+fp/hard\libgcc.a(_aeabi_uldivmod.o) (__udivmoddi4)
c:/st/stm32cubeide_1.11.2/stm32cubeide/plugins/com.st.stm32cube.ide.mcu.externaltools.gnu-tools-for-stm32.10.3-2021.10.win32_1.0.100.202210260954/tools/bin/../lib/gcc/arm-none-eabi/10.3.1/thumb/v7e-m+fp/hard\libgcc.a(_dvmd_tls.o)
                              c:/st/stm32cubeide_1.11.2/stm32cubeide/plugins/com.st.stm32cube.ide.mcu.externaltools.gnu-tools-for-stm32.10.3-2021.10.win32_1.0.100.202210260954/tools/bin/../lib/gcc/arm-none-eabi/10.3.1/thumb/v7e-m+fp/hard\libgcc.a(_aeabi_uldivmod.o) (__aeabi_ldiv0)

Discarded input sections

[...]
Memory Configuration

Name             Origin             Length             Attributes
RAM              0x0000000020000000 0x0000000000018000 xrw
FLASH            0x0000000008000000 0x0000000000080000 xr
*default*        0x0000000000000000 0xffffffffffffffff

Linker script and memory map

LOAD c:/st/stm32cubeide_1.11.2/stm32cubeide/plugins/com.st.stm32cube.ide.mcu.externaltools.gnu-tools-for-stm32.10.3-2021.10.win32_1.0.100.202210260954/tools/bin/../lib/gcc/arm-none-eabi/10.3.1/thumb/v7e-m+fp/hard/crti.o
LOAD c:/st/stm32cubeide_1.11.2/stm32cubeide/plugins/com.st.stm32cube.ide.mcu.externaltools.gnu-tools-for-stm32.10.3-2021.10.win32_1.0.100.202210260954/tools/bin/../lib/gcc/arm-none-eabi/10.3.1/thumb/v7e-m+fp/hard/crtbegin.o
LOAD c:/st/stm32cubeide_1.11.2/stm32cubeide/plugins/com.st.stm32cube.ide.mcu.externaltools.gnu-tools-for-stm32.10.3-2021.10.win32_1.0.100.202210260954/tools/bin/../lib/gcc/arm-none-eabi/10.3.1/../../../../arm-none-eabi/lib/thumb/v7e-m+fp/hard/crt0.o
LOAD ./Core/Src/ds1307_for_stm32_hal.o
LOAD ./Core/Src/liquidcrystal_i2c.o
LOAD ./Core/Src/main.o
LOAD ./Core/Src/stm32f4xx_hal_msp.o
LOAD ./Core/Src/stm32f4xx_it.o
LOAD ./Core/Src/syscalls.o
LOAD ./Core/Src/sysmem.o
LOAD ./Core/Src/system_stm32f4xx.o
LOAD ./Core/Startup/startup_stm32f401retx.o
LOAD ./Drivers/STM32F4xx_HAL_Driver/Src/stm32f4xx_hal.o
LOAD ./Drivers/STM32F4xx_HAL_Driver/Src/stm32f4xx_hal_adc.o
LOAD ./Drivers/STM32F4xx_HAL_Driver/Src/stm32f4xx_hal_adc_ex.o
LOAD ./Drivers/STM32F4xx_HAL_Driver/Src/stm32f4xx_hal_cortex.o
LOAD ./Drivers/STM32F4xx_HAL_Driver/Src/stm32f4xx_hal_dma.o
LOAD ./Drivers/STM32F4xx_HAL_Driver/Src/stm32f4xx_hal_dma_ex.o
LOAD ./Drivers/STM32F4xx_HAL_Driver/Src/stm32f4xx_hal_exti.o
LOAD ./Drivers/STM32F4xx_HAL_Driver/Src/stm32f4xx_hal_flash.o
LOAD ./Drivers/STM32F4xx_HAL_Driver/Src/stm32f4xx_hal_flash_ex.o
LOAD ./Drivers/STM32F4xx_HAL_Driver/Src/stm32f4xx_hal_flash_ramfunc.o
LOAD ./Drivers/STM32F4xx_HAL_Driver/Src/stm32f4xx_hal_gpio.o
LOAD ./Drivers/STM32F4xx_HAL_Driver/Src/stm32f4xx_hal_i2c.o
LOAD ./Drivers/STM32F4xx_HAL_Driver/Src/stm32f4xx_hal_i2c_ex.o
LOAD ./Drivers/STM32F4xx_HAL_Driver/Src/stm32f4xx_hal_pwr.o
LOAD ./Drivers/STM32F4xx_HAL_Driver/Src/stm32f4xx_hal_pwr_ex.o
LOAD ./Drivers/STM32F4xx_HAL_Driver/Src/stm32f4xx_hal_rcc.o
LOAD ./Drivers/STM32F4xx_HAL_Driver/Src/stm32f4xx_hal_rcc_ex.o
LOAD ./Drivers/STM32F4xx_HAL_Driver/Src/stm32f4xx_hal_tim.o
LOAD ./Drivers/STM32F4xx_HAL_Driver/Src/stm32f4xx_hal_tim_ex.o
LOAD ./Drivers/STM32F4xx_HAL_Driver/Src/stm32f4xx_hal_uart.o
LOAD ./Drivers/STM32F4xx_HAL_Driver/Src/stm32f4xx_ll_adc.o
START GROUP
LOAD c:/st/stm32cubeide_1.11.2/stm32cubeide/plugins/com.st.stm32cube.ide.mcu.externaltools.gnu-tools-for-stm32.10.3-2021.10.win32_1.0.100.202210260954/tools/bin/../lib/gcc/arm-none-eabi/10.3.1/../../../../arm-none-eabi/lib/thumb/v7e-m+fp/hard\libc_nano.a
LOAD c:/st/stm32cubeide_1.11.2/stm32cubeide/plugins/com.st.stm32cube.ide.mcu.externaltools.gnu-tools-for-stm32.10.3-2021.10.win32_1.0.100.202210260954/tools/bin/../lib/gcc/arm-none-eabi/10.3.1/../../../../arm-none-eabi/lib/thumb/v7e-m+fp/hard\libm.a
END GROUP
START GROUP
LOAD c:/st/stm32cubeide_1.11.2/stm32cubeide/plugins/com.st.stm32cube.ide.mcu.externaltools.gnu-tools-for-stm32.10.3-2021.10.win32_1.0.100.202210260954/tools/bin/../lib/gcc/arm-none-eabi/10.3.1/thumb/v7e-m+fp/hard\libgcc.a
LOAD c:/st/stm32cubeide_1.11.2/stm32cubeide/plugins/com.st.stm32cube.ide.mcu.externaltools.gnu-tools-for-stm32.10.3-2021.10.win32_1.0.100.202210260954/tools/bin/../lib/gcc/arm-none-eabi/10.3.1/../../../../arm-none-eabi/lib/thumb/v7e-m+fp/hard\libc_nano.a
END GROUP
START GROUP
LOAD c:/st/stm32cubeide_1.11.2/stm32cubeide/plugins/com.st.stm32cube.ide.mcu.externaltools.gnu-tools-for-stm32.10.3-2021.10.win32_1.0.100.202210260954/tools/bin/../lib/gcc/arm-none-eabi/10.3.1/thumb/v7e-m+fp/hard\libgcc.a
LOAD c:/st/stm32cubeide_1.11.2/stm32cubeide/plugins/com.st.stm32cube.ide.mcu.externaltools.gnu-tools-for-stm32.10.3-2021.10.win32_1.0.100.202210260954/tools/bin/../lib/gcc/arm-none-eabi/10.3.1/../../../../arm-none-eabi/lib/thumb/v7e-m+fp/hard\libc_nano.a
LOAD c:/st/stm32cubeide_1.11.2/stm32cubeide/plugins/com.st.stm32cube.ide.mcu.externaltools.gnu-tools-for-stm32.10.3-2021.10.win32_1.0.100.202210260954/tools/bin/../lib/gcc/arm-none-eabi/10.3.1/../../../../arm-none-eabi/lib/thumb/v7e-m+fp/hard\libnosys.a
END GROUP
START GROUP
LOAD c:/st/stm32cubeide_1.11.2/stm32cubeide/plugins/com.st.stm32cube.ide.mcu.externaltools.gnu-tools-for-stm32.10.3-2021.10.win32_1.0.100.202210260954/tools/bin/../lib/gcc/arm-none-eabi/10.3.1/thumb/v7e-m+fp/hard\libgcc.a
LOAD c:/st/stm32cubeide_1.11.2/stm32cubeide/plugins/com.st.stm32cube.ide.mcu.externaltools.gnu-tools-for-stm32.10.3-2021.10.win32_1.0.100.202210260954/tools/bin/../lib/gcc/arm-none-eabi/10.3.1/../../../../arm-none-eabi/lib/thumb/v7e-m+fp/hard\libc_nano.a
LOAD c:/st/stm32cubeide_1.11.2/stm32cubeide/plugins/com.st.stm32cube.ide.mcu.externaltools.gnu-tools-for-stm32.10.3-2021.10.win32_1.0.100.202210260954/tools/bin/../lib/gcc/arm-none-eabi/10.3.1/../../../../arm-none-eabi/lib/thumb/v7e-m+fp/hard\libnosys.a
END GROUP
LOAD c:/st/stm32cubeide_1.11.2/stm32cubeide/plugins/com.st.stm32cube.ide.mcu.externaltools.gnu-tools-for-stm32.10.3-2021.10.win32_1.0.100.202210260954/tools/bin/../lib/gcc/arm-none-eabi/10.3.1/thumb/v7e-m+fp/hard/crtend.o
LOAD c:/st/stm32cubeide_1.11.2/stm32cubeide/plugins/com.st.stm32cube.ide.mcu.externaltools.gnu-tools-for-stm32.10.3-2021.10.win32_1.0.100.202210260954/tools/bin/../lib/gcc/arm-none-eabi/10.3.1/thumb/v7e-m+fp/hard/crtn.o
                0x0000000020018000                _estack = (ORIGIN (RAM) + LENGTH (RAM))
                0x0000000000000200                _Min_Heap_Size = 0x200
                0x0000000000000400                _Min_Stack_Size = 0x400

.isr_vector     0x0000000008000000      0x194
                0x0000000008000000                . = ALIGN (0x4)
 *(.isr_vector)
 .isr_vector    0x0000000008000000      0x194 ./Core/Startup/startup_stm32f401retx.o
                0x0000000008000000                g_pfnVectors
                0x0000000008000194                . = ALIGN (0x4)

.text           0x0000000008000194     0x4858
                0x0000000008000194                . = ALIGN (0x4)
 *(.text)
 .text          0x0000000008000194       0x40 c:/st/stm32cubeide_1.11.2/stm32cubeide/plugins/com.st.stm32cube.ide.mcu.externaltools.gnu-tools-for-stm32.10.3-2021.10.win32_1.0.100.202210260954/tools/bin/../lib/gcc/arm-none-eabi/10.3.1/thumb/v7e-m+fp/hard/crtbegin.o
 .text          0x00000000080001d4       0x30 c:/st/stm32cubeide_1.11.2/stm32cubeide/plugins/com.st.stm32cube.ide.mcu.externaltools.gnu-tools-for-stm32.10.3-2021.10.win32_1.0.100.202210260954/tools/bin/../lib/gcc/arm-none-eabi/10.3.1/thumb/v7e-m+fp/hard\libgcc.a(_aeabi_uldivmod.o)
                0x00000000080001d4                __aeabi_uldivmod
 .text          0x0000000008000204      0x2d0 c:/st/stm32cubeide_1.11.2/stm32cubeide/plugins/com.st.stm32cube.ide.mcu.externaltools.gnu-tools-for-stm32.10.3-2021.10.win32_1.0.100.202210260954/tools/bin/../lib/gcc/arm-none-eabi/10.3.1/thumb/v7e-m+fp/hard\libgcc.a(_udivmoddi4.o)
                0x0000000008000204                __udivmoddi4
 .text          0x00000000080004d4        0x4 c:/st/stm32cubeide_1.11.2/stm32cubeide/plugins/com.st.stm32cube.ide.mcu.externaltools.gnu-tools-for-stm32.10.3-2021.10.win32_1.0.100.202210260954/tools/bin/../lib/gcc/arm-none-eabi/10.3.1/thumb/v7e-m+fp/hard\libgcc.a(_dvmd_tls.o)
                0x00000000080004d4                __aeabi_idiv0
                0x00000000080004d4                __aeabi_ldiv0
 *(.text*)
 .text.DS1307_Init
                0x00000000080004d8       0x20 ./Core/Src/ds1307_for_stm32_hal.o
                0x00000000080004d8                DS1307_Init
 .text.DS1307_SetClockHalt
                0x00000000080004f8       0x42 ./Core/Src/ds1307_for_stm32_hal.o
                0x00000000080004f8                DS1307_SetClockHalt
 *fill*         0x000000000800053a        0x2 
 .text.DS1307_SetRegByte
                0x000000000800053c       0x3c ./Core/Src/ds1307_for_stm32_hal.o
                0x000000000800053c                DS1307_SetRegByte
 .text.DS1307_GetRegByte
                0x0000000008000578       0x44 ./Core/Src/ds1307_for_stm32_hal.o
                0x0000000008000578                DS1307_GetRegByte
 .text.DS1307_GetDayOfWeek
                0x00000000080005bc       0x18 ./Core/Src/ds1307_for_stm32_hal.o
                0x00000000080005bc                DS1307_GetDayOfWeek
 .text.DS1307_GetDate
                0x00000000080005d4       0x18 ./Core/Src/ds1307_for_stm32_hal.o
                0x00000000080005d4                DS1307_GetDate
 .text.DS1307_GetMonth
                0x00000000080005ec       0x18 ./Core/Src/ds1307_for_stm32_hal.o
                0x00000000080005ec                DS1307_GetMonth
 .text.DS1307_GetYear
                0x0000000008000604       0x44 ./Core/Src/ds1307_for_stm32_hal.o
                0x0000000008000604                DS1307_GetYear
 .text.DS1307_GetHour
                0x0000000008000648       0x1e ./Core/Src/ds1307_for_stm32_hal.o
                0x0000000008000648                DS1307_GetHour
 .text.DS1307_GetMinute
                0x0000000008000666       0x18 ./Core/Src/ds1307_for_stm32_hal.o
                0x0000000008000666                DS1307_GetMinute
 .text.DS1307_GetSecond
                0x000000000800067e       0x1e ./Core/Src/ds1307_for_stm32_hal.o
                0x000000000800067e                DS1307_GetSecond
 .text.DS1307_DecodeBCD
                0x000000000800069c       0x32 ./Core/Src/ds1307_for_stm32_hal.o
                0x000000000800069c                DS1307_DecodeBCD
 *fill*         0x00000000080006ce        0x2 
 .text.HD44780_Init
                0x00000000080006d0      0x108 ./Core/Src/liquidcrystal_i2c.o
                0x00000000080006d0                HD44780_Init
 .text.HD44780_Clear
                0x00000000080007d8       0x16 ./Core/Src/liquidcrystal_i2c.o
                0x00000000080007d8                HD44780_Clear
 .text.HD44780_Home
                0x00000000080007ee       0x16 ./Core/Src/liquidcrystal_i2c.o
                0x00000000080007ee                HD44780_Home
 .text.HD44780_SetCursor
                0x0000000008000804       0x64 ./Core/Src/liquidcrystal_i2c.o
                0x0000000008000804                HD44780_SetCursor
 .text.HD44780_Display
                0x0000000008000868       0x2c ./Core/Src/liquidcrystal_i2c.o
                0x0000000008000868                HD44780_Display
 .text.HD44780_CreateSpecialChar
                0x0000000008000894       0x52 ./Core/Src/liquidcrystal_i2c.o
                0x0000000008000894                HD44780_CreateSpecialChar
 .text.HD44780_PrintSpecialChar
                0x00000000080008e6       0x1a ./Core/Src/liquidcrystal_i2c.o
                0x00000000080008e6                HD44780_PrintSpecialChar
 .text.HD44780_PrintStr
                0x0000000008000900       0x2a ./Core/Src/liquidcrystal_i2c.o
                0x0000000008000900                HD44780_PrintStr
 .text.SendCommand
                0x000000000800092a       0x1c ./Core/Src/liquidcrystal_i2c.o
 .text.SendChar
                0x0000000008000946       0x1c ./Core/Src/liquidcrystal_i2c.o
 .text.Send     0x0000000008000962       0x42 ./Core/Src/liquidcrystal_i2c.o
 .text.Write4Bits
                0x00000000080009a4       0x22 ./Core/Src/liquidcrystal_i2c.o
 *fill*         0x00000000080009c6        0x2 
 .text.ExpanderWrite
                0x00000000080009c8       0x38 ./Core/Src/liquidcrystal_i2c.o
 .text.PulseEnable
                0x0000000008000a00       0x3a ./Core/Src/liquidcrystal_i2c.o
 *fill*         0x0000000008000a3a        0x2 
 .text.DelayInit
                0x0000000008000a3c       0x54 ./Core/Src/liquidcrystal_i2c.o
 .text.DelayUS  0x0000000008000a90       0x50 ./Core/Src/liquidcrystal_i2c.o
 .text.main     0x0000000008000ae0      0x11c ./Core/Src/main.o
                0x0000000008000ae0                main
 .text.Do_am    0x0000000008000bfc      0x168 ./Core/Src/main.o
                0x0000000008000bfc                Do_am
 .text.Check_Rain
                0x0000000008000d64      0x1cc ./Core/Src/main.o
                0x0000000008000d64                Check_Rain
 .text.Relay_Button
                0x0000000008000f30       0xdc ./Core/Src/main.o
                0x0000000008000f30                Relay_Button
 .text.SetRelay
                0x000000000800100c      0x1dc ./Core/Src/main.o
                0x000000000800100c                SetRelay
 .text.waning   0x00000000080011e8       0x68 ./Core/Src/main.o
                0x00000000080011e8                waning
 .text.Chip_On  0x0000000008001250       0x50 ./Core/Src/main.o
                0x0000000008001250                Chip_On
 .text.Realtime
                0x00000000080012a0      0x1f4 ./Core/Src/main.o
                0x00000000080012a0                Realtime
 .text.Real_Hour_Minute
                0x0000000008001494       0xb4 ./Core/Src/main.o
                0x0000000008001494                Real_Hour_Minute
 .text.SystemClock_Config
                0x0000000008001548       0xd8 ./Core/Src/main.o
                0x0000000008001548                SystemClock_Config
 .text.MX_ADC1_Init
                0x0000000008001620       0xa4 ./Core/Src/main.o
 .text.MX_I2C1_Init
                0x00000000080016c4       0x5c ./Core/Src/main.o
 .text.MX_I2C3_Init
                0x0000000008001720       0x5c ./Core/Src/main.o
 .text.MX_USART2_UART_Init
                0x000000000800177c       0x54 ./Core/Src/main.o
 .text.MX_GPIO_Init
                0x00000000080017d0      0x16c ./Core/Src/main.o
 .text.Error_Handler
                0x000000000800193c        0xa ./Core/Src/main.o
                0x000000000800193c                Error_Handler
 *fill*         0x0000000008001946        0x2 
 .text.HAL_MspInit
                0x0000000008001948       0x50 ./Core/Src/stm32f4xx_hal_msp.o
                0x0000000008001948                HAL_MspInit
 .text.HAL_ADC_MspInit
                0x0000000008001998       0x88 ./Core/Src/stm32f4xx_hal_msp.o
                0x0000000008001998                HAL_ADC_MspInit
 .text.HAL_I2C_MspInit
                0x0000000008001a20      0x140 ./Core/Src/stm32f4xx_hal_msp.o
                0x0000000008001a20                HAL_I2C_MspInit
 .text.HAL_UART_MspInit
                0x0000000008001b60       0x90 ./Core/Src/stm32f4xx_hal_msp.o
                0x0000000008001b60                HAL_UART_MspInit
 .text.NMI_Handler
                0x0000000008001bf0        0x6 ./Core/Src/stm32f4xx_it.o
                0x0000000008001bf0                NMI_Handler
 .text.HardFault_Handler
                0x0000000008001bf6        0x6 ./Core/Src/stm32f4xx_it.o
                0x0000000008001bf6                HardFault_Handler
 .text.MemManage_Handler
                0x0000000008001bfc        0x6 ./Core/Src/stm32f4xx_it.o
                0x0000000008001bfc                MemManage_Handler
 .text.BusFault_Handler
                0x0000000008001c02        0x6 ./Core/Src/stm32f4xx_it.o
                0x0000000008001c02                BusFault_Handler
 .text.UsageFault_Handler
                0x0000000008001c08        0x6 ./Core/Src/stm32f4xx_it.o
                0x0000000008001c08                UsageFault_Handler
 .text.SVC_Handler
                0x0000000008001c0e        0xe ./Core/Src/stm32f4xx_it.o
                0x0000000008001c0e                SVC_Handler
 .text.DebugMon_Handler
                0x0000000008001c1c        0xe ./Core/Src/stm32f4xx_it.o
                0x0000000008001c1c                DebugMon_Handler
 .text.PendSV_Handler
                0x0000000008001c2a        0xe ./Core/Src/stm32f4xx_it.o
                0x0000000008001c2a                PendSV_Handler
 .text.SysTick_Handler
                0x0000000008001c38        0xc ./Core/Src/stm32f4xx_it.o
                0x0000000008001c38                SysTick_Handler
 .text.SystemInit
                0x0000000008001c44       0x24 ./Core/Src/system_stm32f4xx.o
                0x0000000008001c44                SystemInit
 .text.Reset_Handler
                0x0000000008001c68       0x50 ./Core/Startup/startup_stm32f401retx.o
                0x0000000008001c68                Reset_Handler
 .text.Default_Handler
                0x0000000008001cb8        0x2 ./Core/Startup/startup_stm32f401retx.o
                0x0000000008001cb8                RTC_Alarm_IRQHandler
                0x0000000008001cb8                EXTI2_IRQHandler
                0x0000000008001cb8                SPI4_IRQHandler
                0x0000000008001cb8                TIM1_CC_IRQHandler
                0x0000000008001cb8                DMA2_Stream5_IRQHandler
                0x0000000008001cb8                DMA1_Stream5_IRQHandler
                0x0000000008001cb8                PVD_IRQHandler
                0x0000000008001cb8                SDIO_IRQHandler
                0x0000000008001cb8                TAMP_STAMP_IRQHandler
                0x0000000008001cb8                EXTI3_IRQHandler
                0x0000000008001cb8                TIM1_UP_TIM10_IRQHandler
                0x0000000008001cb8                I2C3_ER_IRQHandler
                0x0000000008001cb8                EXTI0_IRQHandler
                0x0000000008001cb8                I2C2_EV_IRQHandler
                0x0000000008001cb8                DMA1_Stream2_IRQHandler
                0x0000000008001cb8                FPU_IRQHandler
                0x0000000008001cb8                DMA2_Stream2_IRQHandler
                0x0000000008001cb8                SPI1_IRQHandler
                0x0000000008001cb8                TIM1_BRK_TIM9_IRQHandler
                0x0000000008001cb8                DMA2_Stream3_IRQHandler
                0x0000000008001cb8                USART6_IRQHandler
                0x0000000008001cb8                DMA2_Stream0_IRQHandler
                0x0000000008001cb8                TIM4_IRQHandler
                0x0000000008001cb8                I2C1_EV_IRQHandler
                0x0000000008001cb8                DMA1_Stream6_IRQHandler
                0x0000000008001cb8                DMA1_Stream1_IRQHandler
                0x0000000008001cb8                TIM3_IRQHandler
                0x0000000008001cb8                RCC_IRQHandler
                0x0000000008001cb8                Default_Handler
                0x0000000008001cb8                EXTI15_10_IRQHandler
                0x0000000008001cb8                ADC_IRQHandler
                0x0000000008001cb8                DMA1_Stream7_IRQHandler
                0x0000000008001cb8                TIM5_IRQHandler
                0x0000000008001cb8                DMA2_Stream7_IRQHandler
                0x0000000008001cb8                I2C3_EV_IRQHandler
                0x0000000008001cb8                EXTI9_5_IRQHandler
                0x0000000008001cb8                RTC_WKUP_IRQHandler
                0x0000000008001cb8                SPI2_IRQHandler
                0x0000000008001cb8                DMA1_Stream0_IRQHandler
                0x0000000008001cb8                EXTI4_IRQHandler
                0x0000000008001cb8                WWDG_IRQHandler
                0x0000000008001cb8                TIM2_IRQHandler
                0x0000000008001cb8                OTG_FS_WKUP_IRQHandler
                0x0000000008001cb8                TIM1_TRG_COM_TIM11_IRQHandler
                0x0000000008001cb8                EXTI1_IRQHandler
                0x0000000008001cb8                USART2_IRQHandler
                0x0000000008001cb8                I2C2_ER_IRQHandler
                0x0000000008001cb8                DMA2_Stream1_IRQHandler
                0x0000000008001cb8                FLASH_IRQHandler
                0x0000000008001cb8                DMA2_Stream4_IRQHandler
                0x0000000008001cb8                USART1_IRQHandler
                0x0000000008001cb8                OTG_FS_IRQHandler
                0x0000000008001cb8                SPI3_IRQHandler
                0x0000000008001cb8                DMA1_Stream4_IRQHandler
                0x0000000008001cb8                I2C1_ER_IRQHandler
                0x0000000008001cb8                DMA2_Stream6_IRQHandler
                0x0000000008001cb8                DMA1_Stream3_IRQHandler
 *fill*         0x0000000008001cba        0x2 
 .text.HAL_Init
                0x0000000008001cbc       0x44 ./Drivers/STM32F4xx_HAL_Driver/Src/stm32f4xx_hal.o
                0x0000000008001cbc                HAL_Init
 .text.HAL_InitTick
                0x0000000008001d00       0x60 ./Drivers/STM32F4xx_HAL_Driver/Src/stm32f4xx_hal.o
                0x0000000008001d00                HAL_InitTick
 .text.HAL_IncTick
                0x0000000008001d60       0x28 ./Drivers/STM32F4xx_HAL_Driver/Src/stm32f4xx_hal.o
                0x0000000008001d60                HAL_IncTick
 .text.HAL_GetTick
                0x0000000008001d88       0x18 ./Drivers/STM32F4xx_HAL_Driver/Src/stm32f4xx_hal.o
                0x0000000008001d88                HAL_GetTick
 .text.HAL_Delay
                0x0000000008001da0       0x48 ./Drivers/STM32F4xx_HAL_Driver/Src/stm32f4xx_hal.o
                0x0000000008001da0                HAL_Delay
 .text.HAL_ADC_Init
                0x0000000008001de8       0x86 ./Drivers/STM32F4xx_HAL_Driver/Src/stm32f4xx_hal_adc.o
                0x0000000008001de8                HAL_ADC_Init
 *fill*         0x0000000008001e6e        0x2 
 .text.HAL_ADC_Start
                0x0000000008001e70      0x168 ./Drivers/STM32F4xx_HAL_Driver/Src/stm32f4xx_hal_adc.o
                0x0000000008001e70                HAL_ADC_Start
 .text.HAL_ADC_Stop
                0x0000000008001fd8       0x66 ./Drivers/STM32F4xx_HAL_Driver/Src/stm32f4xx_hal_adc.o
                0x0000000008001fd8                HAL_ADC_Stop
 .text.HAL_ADC_PollForConversion
                0x000000000800203e      0x116 ./Drivers/STM32F4xx_HAL_Driver/Src/stm32f4xx_hal_adc.o
                0x000000000800203e                HAL_ADC_PollForConversion
 .text.HAL_ADC_GetValue
                0x0000000008002154       0x1a ./Drivers/STM32F4xx_HAL_Driver/Src/stm32f4xx_hal_adc.o
                0x0000000008002154                HAL_ADC_GetValue
 *fill*         0x000000000800216e        0x2 
 .text.HAL_ADC_ConfigChannel
                0x0000000008002170      0x244 ./Drivers/STM32F4xx_HAL_Driver/Src/stm32f4xx_hal_adc.o
                0x0000000008002170                HAL_ADC_ConfigChannel
 .text.ADC_Init
                0x00000000080023b4      0x1f8 ./Drivers/STM32F4xx_HAL_Driver/Src/stm32f4xx_hal_adc.o
 .text.__NVIC_SetPriorityGrouping
                0x00000000080025ac       0x48 ./Drivers/STM32F4xx_HAL_Driver/Src/stm32f4xx_hal_cortex.o
 .text.__NVIC_GetPriorityGrouping
                0x00000000080025f4       0x1c ./Drivers/STM32F4xx_HAL_Driver/Src/stm32f4xx_hal_cortex.o
 .text.__NVIC_SetPriority
                0x0000000008002610       0x54 ./Drivers/STM32F4xx_HAL_Driver/Src/stm32f4xx_hal_cortex.o
 .text.NVIC_EncodePriority
                0x0000000008002664       0x66 ./Drivers/STM32F4xx_HAL_Driver/Src/stm32f4xx_hal_cortex.o
 *fill*         0x00000000080026ca        0x2 
 .text.SysTick_Config
                0x00000000080026cc       0x44 ./Drivers/STM32F4xx_HAL_Driver/Src/stm32f4xx_hal_cortex.o
 .text.HAL_NVIC_SetPriorityGrouping
                0x0000000008002710       0x16 ./Drivers/STM32F4xx_HAL_Driver/Src/stm32f4xx_hal_cortex.o
                0x0000000008002710                HAL_NVIC_SetPriorityGrouping
 .text.HAL_NVIC_SetPriority
                0x0000000008002726       0x38 ./Drivers/STM32F4xx_HAL_Driver/Src/stm32f4xx_hal_cortex.o
                0x0000000008002726                HAL_NVIC_SetPriority
 .text.HAL_SYSTICK_Config
                0x000000000800275e       0x18 ./Drivers/STM32F4xx_HAL_Driver/Src/stm32f4xx_hal_cortex.o
                0x000000000800275e                HAL_SYSTICK_Config
 *fill*         0x0000000008002776        0x2 
 .text.HAL_GPIO_Init
                0x0000000008002778      0x308 ./Drivers/STM32F4xx_HAL_Driver/Src/stm32f4xx_hal_gpio.o
                0x0000000008002778                HAL_GPIO_Init
 .text.HAL_GPIO_ReadPin
                0x0000000008002a80       0x30 ./Drivers/STM32F4xx_HAL_Driver/Src/stm32f4xx_hal_gpio.o
                0x0000000008002a80                HAL_GPIO_ReadPin
 .text.HAL_GPIO_WritePin
                0x0000000008002ab0       0x32 ./Drivers/STM32F4xx_HAL_Driver/Src/stm32f4xx_hal_gpio.o
                0x0000000008002ab0                HAL_GPIO_WritePin
 *fill*         0x0000000008002ae2        0x2 
 .text.HAL_I2C_Init
                0x0000000008002ae4      0x288 ./Drivers/STM32F4xx_HAL_Driver/Src/stm32f4xx_hal_i2c.o
                0x0000000008002ae4                HAL_I2C_Init
 .text.HAL_I2C_Master_Transmit
                0x0000000008002d6c      0x1fc ./Drivers/STM32F4xx_HAL_Driver/Src/stm32f4xx_hal_i2c.o
                0x0000000008002d6c                HAL_I2C_Master_Transmit
 .text.HAL_I2C_Master_Receive
                0x0000000008002f68      0x44c ./Drivers/STM32F4xx_HAL_Driver/Src/stm32f4xx_hal_i2c.o
                0x0000000008002f68                HAL_I2C_Master_Receive
 .text.I2C_MasterRequestWrite
                0x00000000080033b4      0x104 ./Drivers/STM32F4xx_HAL_Driver/Src/stm32f4xx_hal_i2c.o
 .text.I2C_MasterRequestRead
                0x00000000080034b8      0x19c ./Drivers/STM32F4xx_HAL_Driver/Src/stm32f4xx_hal_i2c.o
 .text.I2C_WaitOnFlagUntilTimeout
                0x0000000008003654       0xae ./Drivers/STM32F4xx_HAL_Driver/Src/stm32f4xx_hal_i2c.o
 .text.I2C_WaitOnMasterAddressFlagUntilTimeout
                0x0000000008003702       0xfe ./Drivers/STM32F4xx_HAL_Driver/Src/stm32f4xx_hal_i2c.o
 .text.I2C_WaitOnTXEFlagUntilTimeout
                0x0000000008003800       0x82 ./Drivers/STM32F4xx_HAL_Driver/Src/stm32f4xx_hal_i2c.o
 .text.I2C_WaitOnBTFFlagUntilTimeout
                0x0000000008003882       0x82 ./Drivers/STM32F4xx_HAL_Driver/Src/stm32f4xx_hal_i2c.o
 .text.I2C_WaitOnRXNEFlagUntilTimeout
                0x0000000008003904       0xac ./Drivers/STM32F4xx_HAL_Driver/Src/stm32f4xx_hal_i2c.o
 .text.I2C_IsAcknowledgeFailed
                0x00000000080039b0       0x5e ./Drivers/STM32F4xx_HAL_Driver/Src/stm32f4xx_hal_i2c.o
 *fill*         0x0000000008003a0e        0x2 
 .text.HAL_RCC_OscConfig
                0x0000000008003a10      0x4f0 ./Drivers/STM32F4xx_HAL_Driver/Src/stm32f4xx_hal_rcc.o
                0x0000000008003a10                HAL_RCC_OscConfig
 .text.HAL_RCC_ClockConfig
                0x0000000008003f00      0x1cc ./Drivers/STM32F4xx_HAL_Driver/Src/stm32f4xx_hal_rcc.o
                0x0000000008003f00                HAL_RCC_ClockConfig
 .text.HAL_RCC_GetSysClockFreq
                0x00000000080040cc      0x20c ./Drivers/STM32F4xx_HAL_Driver/Src/stm32f4xx_hal_rcc.o
                0x00000000080040cc                HAL_RCC_GetSysClockFreq
 .text.HAL_RCC_GetHCLKFreq
                0x00000000080042d8       0x18 ./Drivers/STM32F4xx_HAL_Driver/Src/stm32f4xx_hal_rcc.o
                0x00000000080042d8                HAL_RCC_GetHCLKFreq
 .text.HAL_RCC_GetPCLK1Freq
                0x00000000080042f0       0x28 ./Drivers/STM32F4xx_HAL_Driver/Src/stm32f4xx_hal_rcc.o
                0x00000000080042f0                HAL_RCC_GetPCLK1Freq
 .text.HAL_RCC_GetPCLK2Freq
                0x0000000008004318       0x28 ./Drivers/STM32F4xx_HAL_Driver/Src/stm32f4xx_hal_rcc.o
                0x0000000008004318                HAL_RCC_GetPCLK2Freq
 .text.HAL_UART_Init
                0x0000000008004340       0x9a ./Drivers/STM32F4xx_HAL_Driver/Src/stm32f4xx_hal_uart.o
                0x0000000008004340                HAL_UART_Init
 *fill*         0x00000000080043da        0x2 
 .text.UART_SetConfig
                0x00000000080043dc      0x4e8 ./Drivers/STM32F4xx_HAL_Driver/Src/stm32f4xx_hal_uart.o
 .text.__libc_init_array
                0x00000000080048c4       0x48 c:/st/stm32cubeide_1.11.2/stm32cubeide/plugins/com.st.stm32cube.ide.mcu.externaltools.gnu-tools-for-stm32.10.3-2021.10.win32_1.0.100.202210260954/tools/bin/../lib/gcc/arm-none-eabi/10.3.1/../../../../arm-none-eabi/lib/thumb/v7e-m+fp/hard\libc_nano.a(lib_a-init.o)
                0x00000000080048c4                __libc_init_array
 .text.__itoa   0x000000000800490c       0x30 c:/st/stm32cubeide_1.11.2/stm32cubeide/plugins/com.st.stm32cube.ide.mcu.externaltools.gnu-tools-for-stm32.10.3-2021.10.win32_1.0.100.202210260954/tools/bin/../lib/gcc/arm-none-eabi/10.3.1/../../../../arm-none-eabi/lib/thumb/v7e-m+fp/hard\libc_nano.a(lib_a-itoa.o)
                0x000000000800490c                __itoa
 .text.itoa     0x000000000800493c        0x4 c:/st/stm32cubeide_1.11.2/stm32cubeide/plugins/com.st.stm32cube.ide.mcu.externaltools.gnu-tools-for-stm32.10.3-2021.10.win32_1.0.100.202210260954/tools/bin/../lib/gcc/arm-none-eabi/10.3.1/../../../../arm-none-eabi/lib/thumb/v7e-m+fp/hard\libc_nano.a(lib_a-itoa.o)
                0x000000000800493c                itoa
 .text.memset   0x0000000008004940       0x10 c:/st/stm32cubeide_1.11.2/stm32cubeide/plugins/com.st.stm32cube.ide.mcu.externaltools.gnu-tools-for-stm32.10.3-2021.10.win32_1.0.100.202210260954/tools/bin/../lib/gcc/arm-none-eabi/10.3.1/../../../../arm-none-eabi/lib/thumb/v7e-m+fp/hard\libc_nano.a(lib_a-memset.o)
                0x0000000008004940                memset
 .text.__utoa   0x0000000008004950       0x84 c:/st/stm32cubeide_1.11.2/stm32cubeide/plugins/com.st.stm32cube.ide.mcu.externaltools.gnu-tools-for-stm32.10.3-2021.10.win32_1.0.100.202210260954/tools/bin/../lib/gcc/arm-none-eabi/10.3.1/../../../../arm-none-eabi/lib/thumb/v7e-m+fp/hard\libc_nano.a(lib_a-utoa.o)
                0x0000000008004950                __utoa
 *(.glue_7)
 .glue_7        0x00000000080049d4        0x0 linker stubs
 *(.glue_7t)
 .glue_7t       0x00000000080049d4        0x0 linker stubs
 *(.eh_frame)
 .eh_frame      0x00000000080049d4        0x0 c:/st/stm32cubeide_1.11.2/stm32cubeide/plugins/com.st.stm32cube.ide.mcu.externaltools.gnu-tools-for-stm32.10.3-2021.10.win32_1.0.100.202210260954/tools/bin/../lib/gcc/arm-none-eabi/10.3.1/thumb/v7e-m+fp/hard/crtbegin.o
 *(.init)
 .init          0x00000000080049d4        0x4 c:/st/stm32cubeide_1.11.2/stm32cubeide/plugins/com.st.stm32cube.ide.mcu.externaltools.gnu-tools-for-stm32.10.3-2021.10.win32_1.0.100.202210260954/tools/bin/../lib/gcc/arm-none-eabi/10.3.1/thumb/v7e-m+fp/hard/crti.o
                0x00000000080049d4                _init
 .init          0x00000000080049d8        0x8 c:/st/stm32cubeide_1.11.2/stm32cubeide/plugins/com.st.stm32cube.ide.mcu.externaltools.gnu-tools-for-stm32.10.3-2021.10.win32_1.0.100.202210260954/tools/bin/../lib/gcc/arm-none-eabi/10.3.1/thumb/v7e-m+fp/hard/crtn.o
 *(.fini)
 .fini          0x00000000080049e0        0x4 c:/st/stm32cubeide_1.11.2/stm32cubeide/plugins/com.st.stm32cube.ide.mcu.externaltools.gnu-tools-for-stm32.10.3-2021.10.win32_1.0.100.202210260954/tools/bin/../lib/gcc/arm-none-eabi/10.3.1/thumb/v7e-m+fp/hard/crti.o
                0x00000000080049e0                _fini
 .fini          0x00000000080049e4        0x8 c:/st/stm32cubeide_1.11.2/stm32cubeide/plugins/com.st.stm32cube.ide.mcu.externaltools.gnu-tools-for-stm32.10.3-2021.10.win32_1.0.100.202210260954/tools/bin/../lib/gcc/arm-none-eabi/10.3.1/thumb/v7e-m+fp/hard/crtn.o
                0x00000000080049ec                . = ALIGN (0x4)
                0x00000000080049ec                _etext = .

.vfp11_veneer   0x00000000080049ec        0x0
 .vfp11_veneer  0x00000000080049ec        0x0 linker stubs

.v4_bx          0x00000000080049ec        0x0
 .v4_bx         0x00000000080049ec        0x0 linker stubs

.iplt           0x00000000080049ec        0x0
 .iplt          0x00000000080049ec        0x0 c:/st/stm32cubeide_1.11.2/stm32cubeide/plugins/com.st.stm32cube.ide.mcu.externaltools.gnu-tools-for-stm32.10.3-2021.10.win32_1.0.100.202210260954/tools/bin/../lib/gcc/arm-none-eabi/10.3.1/thumb/v7e-m+fp/hard/crtbegin.o

.rodata         0x00000000080049ec      0x1a8
                0x00000000080049ec                . = ALIGN (0x4)
 *(.rodata)
 .rodata        0x00000000080049ec       0x10 ./Core/Src/liquidcrystal_i2c.o
 .rodata        0x00000000080049fc      0x158 ./Core/Src/main.o
 *(.rodata*)
 .rodata.AHBPrescTable
                0x0000000008004b54       0x10 ./Core/Src/system_stm32f4xx.o
                0x0000000008004b54                AHBPrescTable
 .rodata.APBPrescTable
                0x0000000008004b64        0x8 ./Core/Src/system_stm32f4xx.o
                0x0000000008004b64                APBPrescTable
 .rodata.__utoa.str1.1
                0x0000000008004b6c       0x25 c:/st/stm32cubeide_1.11.2/stm32cubeide/plugins/com.st.stm32cube.ide.mcu.externaltools.gnu-tools-for-stm32.10.3-2021.10.win32_1.0.100.202210260954/tools/bin/../lib/gcc/arm-none-eabi/10.3.1/../../../../arm-none-eabi/lib/thumb/v7e-m+fp/hard\libc_nano.a(lib_a-utoa.o)
                0x0000000008004b94                . = ALIGN (0x4)
 *fill*         0x0000000008004b91        0x3 

.ARM.extab      0x0000000008004b94        0x0
                0x0000000008004b94                . = ALIGN (0x4)
 *(.ARM.extab* .gnu.linkonce.armextab.*)
                0x0000000008004b94                . = ALIGN (0x4)

.ARM            0x0000000008004b94        0x8
                0x0000000008004b94                . = ALIGN (0x4)
                0x0000000008004b94                __exidx_start = .
 *(.ARM.exidx*)
 .ARM.exidx     0x0000000008004b94        0x8 c:/st/stm32cubeide_1.11.2/stm32cubeide/plugins/com.st.stm32cube.ide.mcu.externaltools.gnu-tools-for-stm32.10.3-2021.10.win32_1.0.100.202210260954/tools/bin/../lib/gcc/arm-none-eabi/10.3.1/thumb/v7e-m+fp/hard\libgcc.a(_udivmoddi4.o)
                0x0000000008004b9c                __exidx_end = .
                0x0000000008004b9c                . = ALIGN (0x4)

.rel.dyn        0x0000000008004b9c        0x0
 .rel.iplt      0x0000000008004b9c        0x0 c:/st/stm32cubeide_1.11.2/stm32cubeide/plugins/com.st.stm32cube.ide.mcu.externaltools.gnu-tools-for-stm32.10.3-2021.10.win32_1.0.100.202210260954/tools/bin/../lib/gcc/arm-none-eabi/10.3.1/thumb/v7e-m+fp/hard/crtbegin.o

.preinit_array  0x0000000008004b9c        0x0
                0x0000000008004b9c                . = ALIGN (0x4)
                0x0000000008004b9c                PROVIDE (__preinit_array_start = .)
 *(.preinit_array*)
                0x0000000008004b9c                PROVIDE (__preinit_array_end = .)
                0x0000000008004b9c                . = ALIGN (0x4)

.init_array     0x0000000008004b9c        0x4
                0x0000000008004b9c                . = ALIGN (0x4)
                0x0000000008004b9c                PROVIDE (__init_array_start = .)
 *(SORT_BY_NAME(.init_array.*))
 *(.init_array*)
 .init_array    0x0000000008004b9c        0x4 c:/st/stm32cubeide_1.11.2/stm32cubeide/plugins/com.st.stm32cube.ide.mcu.externaltools.gnu-tools-for-stm32.10.3-2021.10.win32_1.0.100.202210260954/tools/bin/../lib/gcc/arm-none-eabi/10.3.1/thumb/v7e-m+fp/hard/crtbegin.o
                0x0000000008004ba0                PROVIDE (__init_array_end = .)
                0x0000000008004ba0                . = ALIGN (0x4)

.fini_array     0x0000000008004ba0        0x4
                0x0000000008004ba0                . = ALIGN (0x4)
                [!provide]                        PROVIDE (__fini_array_start = .)
 *(SORT_BY_NAME(.fini_array.*))
 *(.fini_array*)
 .fini_array    0x0000000008004ba0        0x4 c:/st/stm32cubeide_1.11.2/stm32cubeide/plugins/com.st.stm32cube.ide.mcu.externaltools.gnu-tools-for-stm32.10.3-2021.10.win32_1.0.100.202210260954/tools/bin/../lib/gcc/arm-none-eabi/10.3.1/thumb/v7e-m+fp/hard/crtbegin.o
                [!provide]                        PROVIDE (__fini_array_end = .)
                0x0000000008004ba4                . = ALIGN (0x4)
                0x0000000008004ba4                _sidata = LOADADDR (.data)

.data           0x0000000020000000       0x2c load address 0x0000000008004ba4
                0x0000000020000000                . = ALIGN (0x4)
                0x0000000020000000                _sdata = .
 *(.data)
 *(.data*)
 .data.special1
                0x0000000020000000        0x8 ./Core/Src/liquidcrystal_i2c.o
                0x0000000020000000                special1
 .data.special2
                0x0000000020000008        0x8 ./Core/Src/liquidcrystal_i2c.o
                0x0000000020000008                special2
 .data.hour_on  0x0000000020000010        0x4 ./Core/Src/main.o
                0x0000000020000010                hour_on
 .data.minute_on
                0x0000000020000014        0x4 ./Core/Src/main.o
                0x0000000020000014                minute_on
 .data.second_on
                0x0000000020000018        0x4 ./Core/Src/main.o
                0x0000000020000018                second_on
 .data.zero     0x000000002000001c        0x1 ./Core/Src/main.o
                0x000000002000001c                zero
 *fill*         0x000000002000001d        0x3 
 .data.SystemCoreClock
                0x0000000020000020        0x4 ./Core/Src/system_stm32f4xx.o
                0x0000000020000020                SystemCoreClock
 .data.uwTickPrio
                0x0000000020000024        0x4 ./Drivers/STM32F4xx_HAL_Driver/Src/stm32f4xx_hal.o
                0x0000000020000024                uwTickPrio
 .data.uwTickFreq
                0x0000000020000028        0x1 ./Drivers/STM32F4xx_HAL_Driver/Src/stm32f4xx_hal.o
                0x0000000020000028                uwTickFreq
 *(.RamFunc)
 *(.RamFunc*)
                0x000000002000002c                . = ALIGN (0x4)
 *fill*         0x0000000020000029        0x3 
                0x000000002000002c                _edata = .

.igot.plt       0x000000002000002c        0x0 load address 0x0000000008004bd0
 .igot.plt      0x000000002000002c        0x0 c:/st/stm32cubeide_1.11.2/stm32cubeide/plugins/com.st.stm32cube.ide.mcu.externaltools.gnu-tools-for-stm32.10.3-2021.10.win32_1.0.100.202210260954/tools/bin/../lib/gcc/arm-none-eabi/10.3.1/thumb/v7e-m+fp/hard/crtbegin.o
                0x000000002000002c                . = ALIGN (0x4)

.bss            0x000000002000002c      0x194 load address 0x0000000008004bd0
                0x000000002000002c                _sbss = .
                0x000000002000002c                __bss_start__ = _sbss
 *(.bss)
 .bss           0x000000002000002c       0x1c c:/st/stm32cubeide_1.11.2/stm32cubeide/plugins/com.st.stm32cube.ide.mcu.externaltools.gnu-tools-for-stm32.10.3-2021.10.win32_1.0.100.202210260954/tools/bin/../lib/gcc/arm-none-eabi/10.3.1/thumb/v7e-m+fp/hard/crtbegin.o
 *(.bss*)
 .bss._ds1307_ui2c
                0x0000000020000048        0x4 ./Core/Src/ds1307_for_stm32_hal.o
                0x0000000020000048                _ds1307_ui2c
 .bss.dpFunction
                0x000000002000004c        0x1 ./Core/Src/liquidcrystal_i2c.o
                0x000000002000004c                dpFunction
 .bss.dpControl
                0x000000002000004d        0x1 ./Core/Src/liquidcrystal_i2c.o
                0x000000002000004d                dpControl
 .bss.dpMode    0x000000002000004e        0x1 ./Core/Src/liquidcrystal_i2c.o
                0x000000002000004e                dpMode
 .bss.dpRows    0x000000002000004f        0x1 ./Core/Src/liquidcrystal_i2c.o
                0x000000002000004f                dpRows
 .bss.dpBacklight
                0x0000000020000050        0x1 ./Core/Src/liquidcrystal_i2c.o
                0x0000000020000050                dpBacklight
 *fill*         0x0000000020000051        0x3 
 .bss.adc_value
                0x0000000020000054        0x4 ./Core/Src/main.o
                0x0000000020000054                adc_value
 .bss.status    0x0000000020000058        0x1 ./Core/Src/main.o
                0x0000000020000058                status
 *fill*         0x0000000020000059        0x3 
 .bss.da1       0x000000002000005c        0x5 ./Core/Src/main.o
                0x000000002000005c                da1
 *fill*         0x0000000020000061        0x3 
 .bss.dem       0x0000000020000064        0x4 ./Core/Src/main.o
                0x0000000020000064                dem
 .bss.dem3      0x0000000020000068        0x4 ./Core/Src/main.o
                0x0000000020000068                dem3
 .bss.dem2      0x000000002000006c        0x4 ./Core/Src/main.o
                0x000000002000006c                dem2
 .bss.dem4      0x0000000020000070        0x4 ./Core/Src/main.o
                0x0000000020000070                dem4
 .bss.dem_mua   0x0000000020000074        0x4 ./Core/Src/main.o
                0x0000000020000074                dem_mua
 .bss.hadc1     0x0000000020000078       0x48 ./Core/Src/main.o
                0x0000000020000078                hadc1
 .bss.hi2c1     0x00000000200000c0       0x54 ./Core/Src/main.o
                0x00000000200000c0                hi2c1
 .bss.hi2c3     0x0000000020000114       0x54 ./Core/Src/main.o
                0x0000000020000114                hi2c3
 .bss.huart2    0x0000000020000168       0x44 ./Core/Src/main.o
                0x0000000020000168                huart2
 .bss.h1        0x00000000200001ac        0x5 ./Core/Src/main.o
                0x00000000200001ac                h1
 *fill*         0x00000000200001b1        0x3 
 .bss.h2        0x00000000200001b4        0x5 ./Core/Src/main.o
                0x00000000200001b4                h2
 *fill*         0x00000000200001b9        0x3 
 .bss.uwTick    0x00000000200001bc        0x4 ./Drivers/STM32F4xx_HAL_Driver/Src/stm32f4xx_hal.o
                0x00000000200001bc                uwTick
 *(COMMON)
                0x00000000200001c0                . = ALIGN (0x4)
                0x00000000200001c0                _ebss = .
                0x00000000200001c0                __bss_end__ = _ebss

._user_heap_stack
                0x00000000200001c0      0x600 load address 0x0000000008004bd0
                0x00000000200001c0                . = ALIGN (0x8)
                [!provide]                        PROVIDE (end = .)
                0x00000000200001c0                PROVIDE (_end = .)
                0x00000000200003c0                . = (. + _Min_Heap_Size)
 *fill*         0x00000000200001c0      0x200 
                0x00000000200007c0                . = (. + _Min_Stack_Size)
 *fill*         0x00000000200003c0      0x400 
                0x00000000200007c0                . = ALIGN (0x8)

/DISCARD/
 libc.a(*)
 libm.a(*)
 libgcc.a(*)

.ARM.attributes
                0x0000000000000000       0x30
 *(.ARM.attributes)
 .ARM.attributes
                0x0000000000000000       0x1e c:/st/stm32cubeide_1.11.2/stm32cubeide/plugins/com.st.stm32cube.ide.mcu.externaltools.gnu-tools-for-stm32.10.3-2021.10.win32_1.0.100.202210260954/tools/bin/../lib/gcc/arm-none-eabi/10.3.1/thumb/v7e-m+fp/hard/crti.o
 .ARM.attributes
                0x000000000000001e       0x34 c:/st/stm32cubeide_1.11.2/stm32cubeide/plugins/com.st.stm32cube.ide.mcu.externaltools.gnu-tools-for-stm32.10.3-2021.10.win32_1.0.100.202210260954/tools/bin/../lib/gcc/arm-none-eabi/10.3.1/thumb/v7e-m+fp/hard/crtbegin.o
 .ARM.attributes
                0x0000000000000052       0x34 ./Core/Src/ds1307_for_stm32_hal.o
 .ARM.attributes
                0x0000000000000086       0x34 ./Core/Src/liquidcrystal_i2c.o
 .ARM.attributes
                0x00000000000000ba       0x34 ./Core/Src/main.o
 .ARM.attributes
                0x00000000000000ee       0x34 ./Core/Src/stm32f4xx_hal_msp.o
 .ARM.attributes
                0x0000000000000122       0x34 ./Core/Src/stm32f4xx_it.o
 .ARM.attributes
                0x0000000000000156       0x34 ./Core/Src/system_stm32f4xx.o
 .ARM.attributes
                0x000000000000018a       0x21 ./Core/Startup/startup_stm32f401retx.o
 .ARM.attributes
                0x00000000000001ab       0x34 ./Drivers/STM32F4xx_HAL_Driver/Src/stm32f4xx_hal.o
 .ARM.attributes
                0x00000000000001df       0x34 ./Drivers/STM32F4xx_HAL_Driver/Src/stm32f4xx_hal_adc.o
 .ARM.attributes
                0x0000000000000213       0x34 ./Drivers/STM32F4xx_HAL_Driver/Src/stm32f4xx_hal_cortex.o
 .ARM.attributes
                0x0000000000000247       0x34 ./Drivers/STM32F4xx_HAL_Driver/Src/stm32f4xx_hal_gpio.o
 .ARM.attributes
                0x000000000000027b       0x34 ./Drivers/STM32F4xx_HAL_Driver/Src/stm32f4xx_hal_i2c.o
 .ARM.attributes
                0x00000000000002af       0x34 ./Drivers/STM32F4xx_HAL_Driver/Src/stm32f4xx_hal_rcc.o
 .ARM.attributes
                0x00000000000002e3       0x34 ./Drivers/STM32F4xx_HAL_Driver/Src/stm32f4xx_hal_uart.o
 .ARM.attributes
                0x0000000000000317       0x34 c:/st/stm32cubeide_1.11.2/stm32cubeide/plugins/com.st.stm32cube.ide.mcu.externaltools.gnu-tools-for-stm32.10.3-2021.10.win32_1.0.100.202210260954/tools/bin/../lib/gcc/arm-none-eabi/10.3.1/../../../../arm-none-eabi/lib/thumb/v7e-m+fp/hard\libc_nano.a(lib_a-init.o)
 .ARM.attributes
                0x000000000000034b       0x34 c:/st/stm32cubeide_1.11.2/stm32cubeide/plugins/com.st.stm32cube.ide.mcu.externaltools.gnu-tools-for-stm32.10.3-2021.10.win32_1.0.100.202210260954/tools/bin/../lib/gcc/arm-none-eabi/10.3.1/../../../../arm-none-eabi/lib/thumb/v7e-m+fp/hard\libc_nano.a(lib_a-itoa.o)
 .ARM.attributes
                0x000000000000037f       0x34 c:/st/stm32cubeide_1.11.2/stm32cubeide/plugins/com.st.stm32cube.ide.mcu.externaltools.gnu-tools-for-stm32.10.3-2021.10.win32_1.0.100.202210260954/tools/bin/../lib/gcc/arm-none-eabi/10.3.1/../../../../arm-none-eabi/lib/thumb/v7e-m+fp/hard\libc_nano.a(lib_a-memset.o)
 .ARM.attributes
                0x00000000000003b3       0x34 c:/st/stm32cubeide_1.11.2/stm32cubeide/plugins/com.st.stm32cube.ide.mcu.externaltools.gnu-tools-for-stm32.10.3-2021.10.win32_1.0.100.202210260954/tools/bin/../lib/gcc/arm-none-eabi/10.3.1/../../../../arm-none-eabi/lib/thumb/v7e-m+fp/hard\libc_nano.a(lib_a-utoa.o)
 .ARM.attributes
                0x00000000000003e7       0x1e c:/st/stm32cubeide_1.11.2/stm32cubeide/plugins/com.st.stm32cube.ide.mcu.externaltools.gnu-tools-for-stm32.10.3-2021.10.win32_1.0.100.202210260954/tools/bin/../lib/gcc/arm-none-eabi/10.3.1/thumb/v7e-m+fp/hard\libgcc.a(_aeabi_uldivmod.o)
 .ARM.attributes
                0x0000000000000405       0x34 c:/st/stm32cubeide_1.11.2/stm32cubeide/plugins/com.st.stm32cube.ide.mcu.externaltools.gnu-tools-for-stm32.10.3-2021.10.win32_1.0.100.202210260954/tools/bin/../lib/gcc/arm-none-eabi/10.3.1/thumb/v7e-m+fp/hard\libgcc.a(_udivmoddi4.o)
 .ARM.attributes
                0x0000000000000439       0x1e c:/st/stm32cubeide_1.11.2/stm32cubeide/plugins/com.st.stm32cube.ide.mcu.externaltools.gnu-tools-for-stm32.10.3-2021.10.win32_1.0.100.202210260954/tools/bin/../lib/gcc/arm-none-eabi/10.3.1/thumb/v7e-m+fp/hard\libgcc.a(_dvmd_tls.o)
 .ARM.attributes
                0x0000000000000457       0x1e c:/st/stm32cubeide_1.11.2/stm32cubeide/plugins/com.st.stm32cube.ide.mcu.externaltools.gnu-tools-for-stm32.10.3-2021.10.win32_1.0.100.202210260954/tools/bin/../lib/gcc/arm-none-eabi/10.3.1/thumb/v7e-m+fp/hard/crtn.o
OUTPUT(He_Thong_Tuoi_Cay.elf elf32-littlearm)
LOAD linker stubs
LOAD c:/st/stm32cubeide_1.11.2/stm32cubeide/plugins/com.st.stm32cube.ide.mcu.externaltools.gnu-tools-for-stm32.10.3-2021.10.win32_1.0.100.202210260954/tools/bin/../lib/gcc/arm-none-eabi/10.3.1/../../../../arm-none-eabi/lib/thumb/v7e-m+fp/hard\libc.a
LOAD c:/st/stm32cubeide_1.11.2/stm32cubeide/plugins/com.st.stm32cube.ide.mcu.externaltools.gnu-tools-for-stm32.10.3-2021.10.win32_1.0.100.202210260954/tools/bin/../lib/gcc/arm-none-eabi/10.3.1/../../../../arm-none-eabi/lib/thumb/v7e-m+fp/hard\libm.a
LOAD c:/st/stm32cubeide_1.11.2/stm32cubeide/plugins/com.st.stm32cube.ide.mcu.externaltools.gnu-tools-for-stm32.10.3-2021.10.win32_1.0.100.202210260954/tools/bin/../lib/gcc/arm-none-eabi/10.3.1/thumb/v7e-m+fp/hard\libgcc.a

.debug_info     0x0000000000000000     0xd41b
 .debug_info    0x0000000000000000      0xb16 ./Core/Src/ds1307_for_stm32_hal.o
 .debug_info    0x0000000000000b16      0xcfa ./Core/Src/liquidcrystal_i2c.o
 .debug_info    0x0000000000001810     0x185f ./Core/Src/main.o
 .debug_info    0x000000000000306f     0x104a ./Core/Src/stm32f4xx_hal_msp.o
 .debug_info    0x00000000000040b9      0x121 ./Core/Src/stm32f4xx_it.o
 .debug_info    0x00000000000041da      0x54f ./Core/Src/system_stm32f4xx.o
 .debug_info    0x0000000000004729       0x22 ./Core/Startup/startup_stm32f401retx.o
 .debug_info    0x000000000000474b      0x906 ./Drivers/STM32F4xx_HAL_Driver/Src/stm32f4xx_hal.o
 .debug_info    0x0000000000005051      0xd68 ./Drivers/STM32F4xx_HAL_Driver/Src/stm32f4xx_hal_adc.o
 .debug_info    0x0000000000005db9      0xd85 ./Drivers/STM32F4xx_HAL_Driver/Src/stm32f4xx_hal_cortex.o
 .debug_info    0x0000000000006b3e      0x78e ./Drivers/STM32F4xx_HAL_Driver/Src/stm32f4xx_hal_gpio.o
 .debug_info    0x00000000000072cc     0x260f ./Drivers/STM32F4xx_HAL_Driver/Src/stm32f4xx_hal_i2c.o
 .debug_info    0x00000000000098db      0x98c ./Drivers/STM32F4xx_HAL_Driver/Src/stm32f4xx_hal_rcc.o
 .debug_info    0x000000000000a267     0x31b4 ./Drivers/STM32F4xx_HAL_Driver/Src/stm32f4xx_hal_uart.o

.debug_abbrev   0x0000000000000000     0x1d30
 .debug_abbrev  0x0000000000000000      0x233 ./Core/Src/ds1307_for_stm32_hal.o
 .debug_abbrev  0x0000000000000233      0x2cb ./Core/Src/liquidcrystal_i2c.o
 .debug_abbrev  0x00000000000004fe      0x335 ./Core/Src/main.o
 .debug_abbrev  0x0000000000000833      0x1ee ./Core/Src/stm32f4xx_hal_msp.o
 .debug_abbrev  0x0000000000000a21       0x74 ./Core/Src/stm32f4xx_it.o
 .debug_abbrev  0x0000000000000a95      0x116 ./Core/Src/system_stm32f4xx.o
 .debug_abbrev  0x0000000000000bab       0x12 ./Core/Startup/startup_stm32f401retx.o
 .debug_abbrev  0x0000000000000bbd      0x23e ./Drivers/STM32F4xx_HAL_Driver/Src/stm32f4xx_hal.o
 .debug_abbrev  0x0000000000000dfb      0x204 ./Drivers/STM32F4xx_HAL_Driver/Src/stm32f4xx_hal_adc.o
 .debug_abbrev  0x0000000000000fff      0x316 ./Drivers/STM32F4xx_HAL_Driver/Src/stm32f4xx_hal_cortex.o
 .debug_abbrev  0x0000000000001315      0x1c4 ./Drivers/STM32F4xx_HAL_Driver/Src/stm32f4xx_hal_gpio.o
 .debug_abbrev  0x00000000000014d9      0x2a8 ./Drivers/STM32F4xx_HAL_Driver/Src/stm32f4xx_hal_i2c.o
 .debug_abbrev  0x0000000000001781      0x2aa ./Drivers/STM32F4xx_HAL_Driver/Src/stm32f4xx_hal_rcc.o
 .debug_abbrev  0x0000000000001a2b      0x305 ./Drivers/STM32F4xx_HAL_Driver/Src/stm32f4xx_hal_uart.o

.debug_aranges  0x0000000000000000      0xc00
 .debug_aranges
                0x0000000000000000       0xe8 ./Core/Src/ds1307_for_stm32_hal.o
 .debug_aranges
                0x00000000000000e8      0x110 ./Core/Src/liquidcrystal_i2c.o
 .debug_aranges
                0x00000000000001f8       0x98 ./Core/Src/main.o
 .debug_aranges
                0x0000000000000290       0x50 ./Core/Src/stm32f4xx_hal_msp.o
 .debug_aranges
                0x00000000000002e0       0x60 ./Core/Src/stm32f4xx_it.o
 .debug_aranges
                0x0000000000000340       0x28 ./Core/Src/system_stm32f4xx.o
 .debug_aranges
                0x0000000000000368       0x28 ./Core/Startup/startup_stm32f401retx.o
 .debug_aranges
                0x0000000000000390       0xf0 ./Drivers/STM32F4xx_HAL_Driver/Src/stm32f4xx_hal.o
 .debug_aranges
                0x0000000000000480       0xe8 ./Drivers/STM32F4xx_HAL_Driver/Src/stm32f4xx_hal_adc.o
 .debug_aranges
                0x0000000000000568      0x118 ./Drivers/STM32F4xx_HAL_Driver/Src/stm32f4xx_hal_cortex.o
 .debug_aranges
                0x0000000000000680       0x58 ./Drivers/STM32F4xx_HAL_Driver/Src/stm32f4xx_hal_gpio.o
 .debug_aranges
                0x00000000000006d8      0x2a0 ./Drivers/STM32F4xx_HAL_Driver/Src/stm32f4xx_hal_i2c.o
 .debug_aranges
                0x0000000000000978       0x88 ./Drivers/STM32F4xx_HAL_Driver/Src/stm32f4xx_hal_rcc.o
 .debug_aranges
                0x0000000000000a00      0x200 ./Drivers/STM32F4xx_HAL_Driver/Src/stm32f4xx_hal_uart.o

.debug_ranges   0x0000000000000000      0xb70
 .debug_ranges  0x0000000000000000       0xd8 ./Core/Src/ds1307_for_stm32_hal.o
 .debug_ranges  0x00000000000000d8      0x100 ./Core/Src/liquidcrystal_i2c.o
 .debug_ranges  0x00000000000001d8       0x88 ./Core/Src/main.o
 .debug_ranges  0x0000000000000260       0x40 ./Core/Src/stm32f4xx_hal_msp.o
 .debug_ranges  0x00000000000002a0       0x50 ./Core/Src/stm32f4xx_it.o
 .debug_ranges  0x00000000000002f0       0x18 ./Core/Src/system_stm32f4xx.o
 .debug_ranges  0x0000000000000308       0x20 ./Core/Startup/startup_stm32f401retx.o
 .debug_ranges  0x0000000000000328       0xe0 ./Drivers/STM32F4xx_HAL_Driver/Src/stm32f4xx_hal.o
 .debug_ranges  0x0000000000000408       0xd8 ./Drivers/STM32F4xx_HAL_Driver/Src/stm32f4xx_hal_adc.o
 .debug_ranges  0x00000000000004e0      0x108 ./Drivers/STM32F4xx_HAL_Driver/Src/stm32f4xx_hal_cortex.o
 .debug_ranges  0x00000000000005e8       0x48 ./Drivers/STM32F4xx_HAL_Driver/Src/stm32f4xx_hal_gpio.o
 .debug_ranges  0x0000000000000630      0x2a8 ./Drivers/STM32F4xx_HAL_Driver/Src/stm32f4xx_hal_i2c.o
 .debug_ranges  0x00000000000008d8       0x78 ./Drivers/STM32F4xx_HAL_Driver/Src/stm32f4xx_hal_rcc.o
 .debug_ranges  0x0000000000000950      0x220 ./Drivers/STM32F4xx_HAL_Driver/Src/stm32f4xx_hal_uart.o

.debug_macro    0x0000000000000000    0x174b4
 .debug_macro   0x0000000000000000      0x21d ./Core/Src/ds1307_for_stm32_hal.o
 .debug_macro   0x000000000000021d      0xa78 ./Core/Src/ds1307_for_stm32_hal.o
 .debug_macro   0x0000000000000c95      0x2a1 ./Core/Src/ds1307_for_stm32_hal.o
 .debug_macro   0x0000000000000f36       0x2e ./Core/Src/ds1307_for_stm32_hal.o
 .debug_macro   0x0000000000000f64       0x28 ./Core/Src/ds1307_for_stm32_hal.o
 .debug_macro   0x0000000000000f8c       0x22 ./Core/Src/ds1307_for_stm32_hal.o
 .debug_macro   0x0000000000000fae       0x8e ./Core/Src/ds1307_for_stm32_hal.o
 .debug_macro   0x000000000000103c       0x51 ./Core/Src/ds1307_for_stm32_hal.o
 .debug_macro   0x000000000000108d      0x103 ./Core/Src/ds1307_for_stm32_hal.o
 .debug_macro   0x0000000000001190       0x6a ./Core/Src/ds1307_for_stm32_hal.o
 .debug_macro   0x00000000000011fa      0x1df ./Core/Src/ds1307_for_stm32_hal.o
 .debug_macro   0x00000000000013d9       0x1c ./Core/Src/ds1307_for_stm32_hal.o
 .debug_macro   0x00000000000013f5       0x22 ./Core/Src/ds1307_for_stm32_hal.o
 .debug_macro   0x0000000000001417       0xd9 ./Core/Src/ds1307_for_stm32_hal.o
 .debug_macro   0x00000000000014f0     0x102d ./Core/Src/ds1307_for_stm32_hal.o
 .debug_macro   0x000000000000251d      0x11f ./Core/Src/ds1307_for_stm32_hal.o
 .debug_macro   0x000000000000263c     0xb86c ./Core/Src/ds1307_for_stm32_hal.o
 .debug_macro   0x000000000000dea8       0x6d ./Core/Src/ds1307_for_stm32_hal.o
 .debug_macro   0x000000000000df15     0x367e ./Core/Src/ds1307_for_stm32_hal.o
 .debug_macro   0x0000000000011593      0x174 ./Core/Src/ds1307_for_stm32_hal.o
 .debug_macro   0x0000000000011707       0x5c ./Core/Src/ds1307_for_stm32_hal.o
 .debug_macro   0x0000000000011763      0x416 ./Core/Src/ds1307_for_stm32_hal.o
 .debug_macro   0x0000000000011b79      0x9fe ./Core/Src/ds1307_for_stm32_hal.o
 .debug_macro   0x0000000000012577      0x115 ./Core/Src/ds1307_for_stm32_hal.o
 .debug_macro   0x000000000001268c       0xf8 ./Core/Src/ds1307_for_stm32_hal.o
 .debug_macro   0x0000000000012784       0xa5 ./Core/Src/ds1307_for_stm32_hal.o
 .debug_macro   0x0000000000012829      0x15f ./Core/Src/ds1307_for_stm32_hal.o
 .debug_macro   0x0000000000012988      0x287 ./Core/Src/ds1307_for_stm32_hal.o
 .debug_macro   0x0000000000012c0f       0x5f ./Core/Src/ds1307_for_stm32_hal.o
 .debug_macro   0x0000000000012c6e      0x236 ./Core/Src/ds1307_for_stm32_hal.o
 .debug_macro   0x0000000000012ea4      0x9e1 ./Core/Src/ds1307_for_stm32_hal.o
 .debug_macro   0x0000000000013885      0x38b ./Core/Src/ds1307_for_stm32_hal.o
 .debug_macro   0x0000000000013c10      0x176 ./Core/Src/ds1307_for_stm32_hal.o
 .debug_macro   0x0000000000013d86       0xf9 ./Core/Src/ds1307_for_stm32_hal.o
 .debug_macro   0x0000000000013e7f      0x132 ./Core/Src/ds1307_for_stm32_hal.o
 .debug_macro   0x0000000000013fb1      0x264 ./Core/Src/ds1307_for_stm32_hal.o
 .debug_macro   0x0000000000014215       0x2e ./Core/Src/ds1307_for_stm32_hal.o
 .debug_macro   0x0000000000014243      0x1b5 ./Core/Src/ds1307_for_stm32_hal.o
 .debug_macro   0x00000000000143f8       0x22 ./Core/Src/ds1307_for_stm32_hal.o
 .debug_macro   0x000000000001441a       0xd6 ./Core/Src/ds1307_for_stm32_hal.o
 .debug_macro   0x00000000000144f0      0x11a ./Core/Src/ds1307_for_stm32_hal.o
 .debug_macro   0x000000000001460a       0x85 ./Core/Src/ds1307_for_stm32_hal.o
 .debug_macro   0x000000000001468f       0x89 ./Core/Src/ds1307_for_stm32_hal.o
 .debug_macro   0x0000000000014718      0x295 ./Core/Src/ds1307_for_stm32_hal.o
 .debug_macro   0x00000000000149ad      0x126 ./Core/Src/ds1307_for_stm32_hal.o
 .debug_macro   0x0000000000014ad3       0xc4 ./Core/Src/ds1307_for_stm32_hal.o
 .debug_macro   0x0000000000014b97       0x58 ./Core/Src/ds1307_for_stm32_hal.o
 .debug_macro   0x0000000000014bef      0x20a ./Core/Src/liquidcrystal_i2c.o
 .debug_macro   0x0000000000014df9       0xd0 ./Core/Src/liquidcrystal_i2c.o
 .debug_macro   0x0000000000014ec9      0x3c8 ./Core/Src/main.o
 .debug_macro   0x0000000000015291       0xd6 ./Core/Src/main.o
 .debug_macro   0x0000000000015367       0x52 ./Core/Src/main.o
 .debug_macro   0x00000000000153b9       0x1e ./Core/Src/main.o
 .debug_macro   0x00000000000153d7       0x3c ./Core/Src/main.o
 .debug_macro   0x0000000000015413       0x34 ./Core/Src/main.o
 .debug_macro   0x0000000000015447       0x16 ./Core/Src/main.o
 .debug_macro   0x000000000001545d       0x35 ./Core/Src/main.o
 .debug_macro   0x0000000000015492      0x341 ./Core/Src/main.o
 .debug_macro   0x00000000000157d3       0x10 ./Core/Src/main.o
 .debug_macro   0x00000000000157e3       0x16 ./Core/Src/main.o
 .debug_macro   0x00000000000157f9       0x43 ./Core/Src/main.o
 .debug_macro   0x000000000001583c       0x34 ./Core/Src/main.o
 .debug_macro   0x0000000000015870       0x10 ./Core/Src/main.o
 .debug_macro   0x0000000000015880       0x58 ./Core/Src/main.o
 .debug_macro   0x00000000000158d8       0x71 ./Core/Src/main.o
 .debug_macro   0x0000000000015949       0x1c ./Core/Src/main.o
 .debug_macro   0x0000000000015965      0x12a ./Core/Src/main.o
 .debug_macro   0x0000000000015a8f       0x10 ./Core/Src/main.o
 .debug_macro   0x0000000000015a9f       0x1c ./Core/Src/main.o
 .debug_macro   0x0000000000015abb       0x52 ./Core/Src/main.o
 .debug_macro   0x0000000000015b0d       0x22 ./Core/Src/main.o
 .debug_macro   0x0000000000015b2f       0x10 ./Core/Src/main.o
 .debug_macro   0x0000000000015b3f       0x52 ./Core/Src/main.o
 .debug_macro   0x0000000000015b91       0xd5 ./Core/Src/main.o
 .debug_macro   0x0000000000015c66       0x1c ./Core/Src/main.o
 .debug_macro   0x0000000000015c82       0x3d ./Core/Src/main.o
 .debug_macro   0x0000000000015cbf       0x16 ./Core/Src/main.o
 .debug_macro   0x0000000000015cd5      0x145 ./Core/Src/main.o
 .debug_macro   0x0000000000015e1a       0x16 ./Core/Src/main.o
 .debug_macro   0x0000000000015e30       0x20 ./Core/Src/main.o
 .debug_macro   0x0000000000015e50      0x19b ./Core/Src/main.o
 .debug_macro   0x0000000000015feb      0x20a ./Core/Src/stm32f4xx_hal_msp.o
 .debug_macro   0x00000000000161f5      0x214 ./Core/Src/stm32f4xx_it.o
 .debug_macro   0x0000000000016409      0x1fb ./Core/Src/system_stm32f4xx.o
 .debug_macro   0x0000000000016604      0x25b ./Drivers/STM32F4xx_HAL_Driver/Src/stm32f4xx_hal.o
 .debug_macro   0x000000000001685f      0x1fc ./Drivers/STM32F4xx_HAL_Driver/Src/stm32f4xx_hal_adc.o
 .debug_macro   0x0000000000016a5b      0x1fb ./Drivers/STM32F4xx_HAL_Driver/Src/stm32f4xx_hal_cortex.o
 .debug_macro   0x0000000000016c56      0x201 ./Drivers/STM32F4xx_HAL_Driver/Src/stm32f4xx_hal_gpio.o
 .debug_macro   0x0000000000016e57      0x242 ./Drivers/STM32F4xx_HAL_Driver/Src/stm32f4xx_hal_i2c.o
 .debug_macro   0x0000000000017099      0x21f ./Drivers/STM32F4xx_HAL_Driver/Src/stm32f4xx_hal_rcc.o
 .debug_macro   0x00000000000172b8      0x1fc ./Drivers/STM32F4xx_HAL_Driver/Src/stm32f4xx_hal_uart.o

.debug_line     0x0000000000000000     0xe0ed
 .debug_line    0x0000000000000000      0x9f6 ./Core/Src/ds1307_for_stm32_hal.o
 .debug_line    0x00000000000009f6      0xaf7 ./Core/Src/liquidcrystal_i2c.o
 .debug_line    0x00000000000014ed      0xeea ./Core/Src/main.o
 .debug_line    0x00000000000023d7      0x830 ./Core/Src/stm32f4xx_hal_msp.o
 .debug_line    0x0000000000002c07      0x7cd ./Core/Src/stm32f4xx_it.o
 .debug_line    0x00000000000033d4      0x78c ./Core/Src/system_stm32f4xx.o
 .debug_line    0x0000000000003b60       0x88 ./Core/Startup/startup_stm32f401retx.o
 .debug_line    0x0000000000003be8      0x9f2 ./Drivers/STM32F4xx_HAL_Driver/Src/stm32f4xx_hal.o
 .debug_line    0x00000000000045da     0x119c ./Drivers/STM32F4xx_HAL_Driver/Src/stm32f4xx_hal_adc.o
 .debug_line    0x0000000000005776      0xca1 ./Drivers/STM32F4xx_HAL_Driver/Src/stm32f4xx_hal_cortex.o
 .debug_line    0x0000000000006417      0xb2a ./Drivers/STM32F4xx_HAL_Driver/Src/stm32f4xx_hal_gpio.o
 .debug_line    0x0000000000006f41     0x39a7 ./Drivers/STM32F4xx_HAL_Driver/Src/stm32f4xx_hal_i2c.o
 .debug_line    0x000000000000a8e8      0xd6e ./Drivers/STM32F4xx_HAL_Driver/Src/stm32f4xx_hal_rcc.o
 .debug_line    0x000000000000b656     0x2a97 ./Drivers/STM32F4xx_HAL_Driver/Src/stm32f4xx_hal_uart.o

.debug_str      0x0000000000000000    0x94217
 .debug_str     0x0000000000000000    0x8c7f8 ./Core/Src/ds1307_for_stm32_hal.o
                                      0x8caec (size before relaxing)
 .debug_str     0x000000000008c7f8      0x648 ./Core/Src/liquidcrystal_i2c.o
                                      0x8ca53 (size before relaxing)
 .debug_str     0x000000000008ce40     0x4e07 ./Core/Src/main.o
                                      0x91a0c (size before relaxing)
 .debug_str     0x0000000000091c47       0xcc ./Core/Src/stm32f4xx_hal_msp.o
                                      0x8cbeb (size before relaxing)
 .debug_str     0x0000000000091d13       0xc9 ./Core/Src/stm32f4xx_it.o
                                      0x8c201 (size before relaxing)
 .debug_str     0x0000000000091ddc       0xcb ./Core/Src/system_stm32f4xx.o
                                      0x8c092 (size before relaxing)
 .debug_str     0x0000000000091ea7       0x36 ./Core/Startup/startup_stm32f401retx.o
                                         0x7a (size before relaxing)
 .debug_str     0x0000000000091edd      0x98c ./Drivers/STM32F4xx_HAL_Driver/Src/stm32f4xx_hal.o
                                      0x8cab4 (size before relaxing)
 .debug_str     0x0000000000092869      0x28a ./Drivers/STM32F4xx_HAL_Driver/Src/stm32f4xx_hal_adc.o
                                      0x8c66d (size before relaxing)
 .debug_str     0x0000000000092af3      0x34d ./Drivers/STM32F4xx_HAL_Driver/Src/stm32f4xx_hal_cortex.o
                                      0x8c7d5 (size before relaxing)
 .debug_str     0x0000000000092e40      0x110 ./Drivers/STM32F4xx_HAL_Driver/Src/stm32f4xx_hal_gpio.o
                                      0x8c20d (size before relaxing)
 .debug_str     0x0000000000092f50      0xac0 ./Drivers/STM32F4xx_HAL_Driver/Src/stm32f4xx_hal_i2c.o
                                      0x8d050 (size before relaxing)
 .debug_str     0x0000000000093a10      0x213 ./Drivers/STM32F4xx_HAL_Driver/Src/stm32f4xx_hal_rcc.o
                                      0x8c4c6 (size before relaxing)
 .debug_str     0x0000000000093c23      0x5f4 ./Drivers/STM32F4xx_HAL_Driver/Src/stm32f4xx_hal_uart.o
                                      0x8ca53 (size before relaxing)

.comment        0x0000000000000000       0x50
 .comment       0x0000000000000000       0x50 ./Core/Src/ds1307_for_stm32_hal.o
                                         0x51 (size before relaxing)
 .comment       0x0000000000000050       0x51 ./Core/Src/liquidcrystal_i2c.o
 .comment       0x0000000000000050       0x51 ./Core/Src/main.o
 .comment       0x0000000000000050       0x51 ./Core/Src/stm32f4xx_hal_msp.o
 .comment       0x0000000000000050       0x51 ./Core/Src/stm32f4xx_it.o
 .comment       0x0000000000000050       0x51 ./Core/Src/system_stm32f4xx.o
 .comment       0x0000000000000050       0x51 ./Drivers/STM32F4xx_HAL_Driver/Src/stm32f4xx_hal.o
 .comment       0x0000000000000050       0x51 ./Drivers/STM32F4xx_HAL_Driver/Src/stm32f4xx_hal_adc.o
 .comment       0x0000000000000050       0x51 ./Drivers/STM32F4xx_HAL_Driver/Src/stm32f4xx_hal_cortex.o
 .comment       0x0000000000000050       0x51 ./Drivers/STM32F4xx_HAL_Driver/Src/stm32f4xx_hal_gpio.o
 .comment       0x0000000000000050       0x51 ./Drivers/STM32F4xx_HAL_Driver/Src/stm32f4xx_hal_i2c.o
 .comment       0x0000000000000050       0x51 ./Drivers/STM32F4xx_HAL_Driver/Src/stm32f4xx_hal_rcc.o
 .comment       0x0000000000000050       0x51 ./Drivers/STM32F4xx_HAL_Driver/Src/stm32f4xx_hal_uart.o

.debug_frame    0x0000000000000000     0x31ec
 .debug_frame   0x0000000000000000      0x378 ./Core/Src/ds1307_for_stm32_hal.o
 .debug_frame   0x0000000000000378      0x3f0 ./Core/Src/liquidcrystal_i2c.o
 .debug_frame   0x0000000000000768      0x220 ./Core/Src/main.o
 .debug_frame   0x0000000000000988      0x10c ./Core/Src/stm32f4xx_hal_msp.o
 .debug_frame   0x0000000000000a94      0x104 ./Core/Src/stm32f4xx_it.o
 .debug_frame   0x0000000000000b98       0x58 ./Core/Src/system_stm32f4xx.o
 .debug_frame   0x0000000000000bf0      0x374 ./Drivers/STM32F4xx_HAL_Driver/Src/stm32f4xx_hal.o
 .debug_frame   0x0000000000000f64      0x3fc ./Drivers/STM32F4xx_HAL_Driver/Src/stm32f4xx_hal_adc.o
 .debug_frame   0x0000000000001360      0x498 ./Drivers/STM32F4xx_HAL_Driver/Src/stm32f4xx_hal_cortex.o
 .debug_frame   0x00000000000017f8      0x14c ./Drivers/STM32F4xx_HAL_Driver/Src/stm32f4xx_hal_gpio.o
 .debug_frame   0x0000000000001944      0xc5c ./Drivers/STM32F4xx_HAL_Driver/Src/stm32f4xx_hal_i2c.o
 .debug_frame   0x00000000000025a0      0x1f4 ./Drivers/STM32F4xx_HAL_Driver/Src/stm32f4xx_hal_rcc.o
 .debug_frame   0x0000000000002794      0x92c ./Drivers/STM32F4xx_HAL_Driver/Src/stm32f4xx_hal_uart.o
 .debug_frame   0x00000000000030c0       0x2c c:/st/stm32cubeide_1.11.2/stm32cubeide/plugins/com.st.stm32cube.ide.mcu.externaltools.gnu-tools-for-stm32.10.3-2021.10.win32_1.0.100.202210260954/tools/bin/../lib/gcc/arm-none-eabi/10.3.1/../../../../arm-none-eabi/lib/thumb/v7e-m+fp/hard\libc_nano.a(lib_a-init.o)
 .debug_frame   0x00000000000030ec       0x38 c:/st/stm32cubeide_1.11.2/stm32cubeide/plugins/com.st.stm32cube.ide.mcu.externaltools.gnu-tools-for-stm32.10.3-2021.10.win32_1.0.100.202210260954/tools/bin/../lib/gcc/arm-none-eabi/10.3.1/../../../../arm-none-eabi/lib/thumb/v7e-m+fp/hard\libc_nano.a(lib_a-itoa.o)
 .debug_frame   0x0000000000003124       0x20 c:/st/stm32cubeide_1.11.2/stm32cubeide/plugins/com.st.stm32cube.ide.mcu.externaltools.gnu-tools-for-stm32.10.3-2021.10.win32_1.0.100.202210260954/tools/bin/../lib/gcc/arm-none-eabi/10.3.1/../../../../arm-none-eabi/lib/thumb/v7e-m+fp/hard\libc_nano.a(lib_a-memset.o)
 .debug_frame   0x0000000000003144       0x48 c:/st/stm32cubeide_1.11.2/stm32cubeide/plugins/com.st.stm32cube.ide.mcu.externaltools.gnu-tools-for-stm32.10.3-2021.10.win32_1.0.100.202210260954/tools/bin/../lib/gcc/arm-none-eabi/10.3.1/../../../../arm-none-eabi/lib/thumb/v7e-m+fp/hard\libc_nano.a(lib_a-utoa.o)
 .debug_frame   0x000000000000318c       0x2c c:/st/stm32cubeide_1.11.2/stm32cubeide/plugins/com.st.stm32cube.ide.mcu.externaltools.gnu-tools-for-stm32.10.3-2021.10.win32_1.0.100.202210260954/tools/bin/../lib/gcc/arm-none-eabi/10.3.1/thumb/v7e-m+fp/hard\libgcc.a(_aeabi_uldivmod.o)
 .debug_frame   0x00000000000031b8       0x34 c:/st/stm32cubeide_1.11.2/stm32cubeide/plugins/com.st.stm32cube.ide.mcu.externaltools.gnu-tools-for-stm32.10.3-2021.10.win32_1.0.100.202210260954/tools/bin/../lib/gcc/arm-none-eabi/10.3.1/thumb/v7e-m+fp/hard\libgcc.a(_udivmoddi4.o)
