../Core/Src/main.c:57:5:main	8	static
../Core/Src/main.c:118:6:Do_am	24	static
../Core/Src/main.c:177:6:Check_Rain	16	static
../Core/Src/main.c:250:6:Relay_Button	8	static
../Core/Src/main.c:282:6:SetRelay	16	static
../Core/Src/main.c:350:6:waning	24	static
../Core/Src/main.c:362:6:Chip_On	24	static
../Core/Src/main.c:372:6:Realtime	96	static
../Core/Src/main.c:434:6:Real_Hour_Minute	24	static
../Core/Src/main.c:460:6:SystemClock_Config	88	static
../Core/Src/main.c:507:13:MX_ADC1_Init	24	static
../Core/Src/main.c:559:13:MX_I2C1_Init	8	static
../Core/Src/main.c:593:13:MX_I2C3_Init	8	static
../Core/Src/main.c:627:13:MX_USART2_UART_Init	8	static
../Core/Src/main.c:660:13:MX_GPIO_Init	48	static
../Core/Src/main.c:731:6:Error_Handler	4	static,ignoring_inline_asm
